[6.245s] Invoking command in '/home/johntherover/ros2_ws/src/autonomous_rover': PYTHONPATH=/home/johntherover/ros2_ws/src/autonomous_rover/build/autonomous_rover/prefix_override:/usr/lib/python3/dist-packages/colcon_core/task/python/colcon_distutils_commands:/home/johntherover/ros2_ws/src/autonomous_rover/install/autonomous_rover/lib/python3.10/site-packages:${PYTHONPATH} /usr/bin/python3 -W ignore:setup.py install is deprecated -W ignore:easy_install command is deprecated setup.py egg_info --egg-base build/autonomous_rover build --build-base /home/johntherover/ros2_ws/src/autonomous_rover/build/autonomous_rover/build install --record /home/johntherover/ros2_ws/src/autonomous_rover/build/autonomous_rover/install.log --single-version-externally-managed install_data
[8.841s] running egg_info
[8.844s] writing build/autonomous_rover/autonomous_rover.egg-info/PKG-INFO
[8.846s] writing dependency_links to build/autonomous_rover/autonomous_rover.egg-info/dependency_links.txt
[8.847s] writing entry points to build/autonomous_rover/autonomous_rover.egg-info/entry_points.txt
[8.848s] writing requirements to build/autonomous_rover/autonomous_rover.egg-info/requires.txt
[8.851s] writing top-level names to build/autonomous_rover/autonomous_rover.egg-info/top_level.txt
[8.862s] reading manifest file 'build/autonomous_rover/autonomous_rover.egg-info/SOURCES.txt'
[8.864s] adding license file 'LICENSE'
[8.873s] writing manifest file 'build/autonomous_rover/autonomous_rover.egg-info/SOURCES.txt'
[8.880s] running build
[8.882s] running build_py
[8.883s] running install
[8.883s] running install_lib
[8.890s] running install_data
[8.896s] running install_egg_info
[8.920s] removing '/home/johntherover/ros2_ws/src/autonomous_rover/install/autonomous_rover/lib/python3.10/site-packages/autonomous_rover-0.0.0-py3.10.egg-info' (and everything under it)
[8.927s] Copying build/autonomous_rover/autonomous_rover.egg-info to /home/johntherover/ros2_ws/src/autonomous_rover/install/autonomous_rover/lib/python3.10/site-packages/autonomous_rover-0.0.0-py3.10.egg-info
[8.936s] running install_scripts
[9.080s] Installing teleop script to /home/johntherover/ros2_ws/src/autonomous_rover/install/autonomous_rover/lib/autonomous_rover
[9.084s] writing list of installed files to '/home/johntherover/ros2_ws/src/autonomous_rover/build/autonomous_rover/install.log'
[9.348s] Invoked command in '/home/johntherover/ros2_ws/src/autonomous_rover' returned '0': PYTHONPATH=/home/johntherover/ros2_ws/src/autonomous_rover/build/autonomous_rover/prefix_override:/usr/lib/python3/dist-packages/colcon_core/task/python/colcon_distutils_commands:/home/johntherover/ros2_ws/src/autonomous_rover/install/autonomous_rover/lib/python3.10/site-packages:${PYTHONPATH} /usr/bin/python3 -W ignore:setup.py install is deprecated -W ignore:easy_install command is deprecated setup.py egg_info --egg-base build/autonomous_rover build --build-base /home/johntherover/ros2_ws/src/autonomous_rover/build/autonomous_rover/build install --record /home/johntherover/ros2_ws/src/autonomous_rover/build/autonomous_rover/install.log --single-version-externally-managed install_data
