[0.932s] DEBUG:colcon:Command line arguments: ['/usr/bin/colcon', 'build']
[0.933s] DEBUG:colcon:Parsed command line arguments: Namespace(log_base=None, log_level=None, verb_name='build', build_base='build', install_base='install', merge_install=False, symlink_install=False, test_result_base=None, continue_on_error=False, executor='parallel', parallel_workers=4, event_handlers=None, ignore_user_meta=False, metas=['./colcon.meta'], base_paths=['.'], packages_ignore=None, packages_ignore_regex=None, paths=None, packages_up_to=None, packages_up_to_regex=None, packages_above=None, packages_above_and_dependencies=None, packages_above_depth=None, packages_select_by_dep=None, packages_skip_by_dep=None, packages_skip_up_to=None, packages_select_build_failed=False, packages_skip_build_finished=False, packages_select_test_failures=False, packages_skip_test_passed=False, packages_select=None, packages_skip=None, packages_select_regex=None, packages_skip_regex=None, packages_start=None, packages_end=None, allow_overriding=[], cmake_args=None, cmake_target=None, cmake_target_skip_unavailable=False, cmake_clean_cache=False, cmake_clean_first=False, cmake_force_configure=False, ament_cmake_args=None, catkin_cmake_args=None, catkin_skip_building_tests=False, mixin_files=None, mixin=None, verb_parser=<colcon_mixin.mixin.mixin_argument.MixinArgumentDecorator object at 0xffff972ce290>, verb_extension=<colcon_core.verb.build.BuildVerb object at 0xffff9747f280>, main=<bound method BuildVerb.main of <colcon_core.verb.build.BuildVerb object at 0xffff9747f280>>, mixin_verb=('build',))
[1.923s] Level 1:colcon.colcon_core.package_discovery:discover_packages(colcon_meta) check parameters
[1.924s] Level 1:colcon.colcon_core.package_discovery:discover_packages(recursive) check parameters
[1.924s] Level 1:colcon.colcon_core.package_discovery:discover_packages(ignore) check parameters
[1.924s] Level 1:colcon.colcon_core.package_discovery:discover_packages(path) check parameters
[1.924s] Level 1:colcon.colcon_core.package_discovery:discover_packages(colcon_meta) discover
[1.925s] Level 1:colcon.colcon_core.package_discovery:discover_packages(recursive) discover
[1.925s] INFO:colcon.colcon_core.package_discovery:Crawling recursively for packages in '/home/johntherover/ros2_ws/src/autonomous_rover/autonomous_rover'
[1.925s] Level 1:colcon.colcon_core.package_identification:_identify(.) by extensions ['ignore', 'ignore_ament_install']
[1.926s] Level 1:colcon.colcon_core.package_identification:_identify(.) by extension 'ignore'
[1.926s] Level 1:colcon.colcon_core.package_identification:_identify(.) by extension 'ignore_ament_install'
[1.926s] Level 1:colcon.colcon_core.package_identification:_identify(.) by extensions ['colcon_pkg']
[1.927s] Level 1:colcon.colcon_core.package_identification:_identify(.) by extension 'colcon_pkg'
[1.927s] Level 1:colcon.colcon_core.package_identification:_identify(.) by extensions ['colcon_meta']
[1.927s] Level 1:colcon.colcon_core.package_identification:_identify(.) by extension 'colcon_meta'
[1.927s] Level 1:colcon.colcon_core.package_identification:_identify(.) by extensions ['ros']
[1.927s] Level 1:colcon.colcon_core.package_identification:_identify(.) by extension 'ros'
[1.999s] Level 1:colcon.colcon_core.package_identification:_identify(.) by extensions ['cmake', 'python']
[2.000s] Level 1:colcon.colcon_core.package_identification:_identify(.) by extension 'cmake'
[2.000s] Level 1:colcon.colcon_core.package_identification:_identify(.) by extension 'python'
[2.000s] Level 1:colcon.colcon_core.package_identification:_identify(.) by extensions ['python_setup_py']
[2.000s] Level 1:colcon.colcon_core.package_identification:_identify(.) by extension 'python_setup_py'
[2.001s] Level 1:colcon.colcon_core.package_identification:_identify(build) by extensions ['ignore', 'ignore_ament_install']
[2.001s] Level 1:colcon.colcon_core.package_identification:_identify(build) by extension 'ignore'
[2.001s] Level 1:colcon.colcon_core.package_identification:_identify(build) ignored
[2.002s] Level 1:colcon.colcon_core.package_identification:_identify(install) by extensions ['ignore', 'ignore_ament_install']
[2.002s] Level 1:colcon.colcon_core.package_identification:_identify(install) by extension 'ignore'
[2.002s] Level 1:colcon.colcon_core.package_identification:_identify(install) ignored
[2.003s] Level 1:colcon.colcon_core.package_identification:_identify(log) by extensions ['ignore', 'ignore_ament_install']
[2.003s] Level 1:colcon.colcon_core.package_identification:_identify(log) by extension 'ignore'
[2.003s] Level 1:colcon.colcon_core.package_identification:_identify(log) ignored
[2.004s] Level 1:colcon.colcon_core.package_identification:_identify(scripts) by extensions ['ignore', 'ignore_ament_install']
[2.004s] Level 1:colcon.colcon_core.package_identification:_identify(scripts) by extension 'ignore'
[2.004s] Level 1:colcon.colcon_core.package_identification:_identify(scripts) by extension 'ignore_ament_install'
[2.004s] Level 1:colcon.colcon_core.package_identification:_identify(scripts) by extensions ['colcon_pkg']
[2.004s] Level 1:colcon.colcon_core.package_identification:_identify(scripts) by extension 'colcon_pkg'
[2.005s] Level 1:colcon.colcon_core.package_identification:_identify(scripts) by extensions ['colcon_meta']
[2.005s] Level 1:colcon.colcon_core.package_identification:_identify(scripts) by extension 'colcon_meta'
[2.005s] Level 1:colcon.colcon_core.package_identification:_identify(scripts) by extensions ['ros']
[2.005s] Level 1:colcon.colcon_core.package_identification:_identify(scripts) by extension 'ros'
[2.005s] Level 1:colcon.colcon_core.package_identification:_identify(scripts) by extensions ['cmake', 'python']
[2.005s] Level 1:colcon.colcon_core.package_identification:_identify(scripts) by extension 'cmake'
[2.006s] Level 1:colcon.colcon_core.package_identification:_identify(scripts) by extension 'python'
[2.006s] Level 1:colcon.colcon_core.package_identification:_identify(scripts) by extensions ['python_setup_py']
[2.006s] Level 1:colcon.colcon_core.package_identification:_identify(scripts) by extension 'python_setup_py'
[2.006s] Level 1:colcon.colcon_core.package_discovery:discover_packages(recursive) using defaults
[2.006s] Level 1:colcon.colcon_core.package_discovery:discover_packages(ignore) discover
[2.006s] Level 1:colcon.colcon_core.package_discovery:discover_packages(ignore) using defaults
[2.006s] Level 1:colcon.colcon_core.package_discovery:discover_packages(path) discover
[2.007s] Level 1:colcon.colcon_core.package_discovery:discover_packages(path) using defaults
[2.182s] Level 1:colcon.colcon_core.package_discovery:discover_packages(prefix_path) check parameters
[2.182s] Level 1:colcon.colcon_core.package_discovery:discover_packages(prefix_path) discover
[2.208s] DEBUG:colcon.colcon_installed_package_information.package_discovery:Found 319 installed packages in /opt/ros/humble
[2.216s] Level 1:colcon.colcon_core.package_discovery:discover_packages(prefix_path) using defaults
[2.416s] INFO:colcon.colcon_core.executor:Executing jobs using 'parallel' executor
[2.419s] DEBUG:colcon.colcon_parallel_executor.executor.parallel:run_until_complete
[2.420s] DEBUG:colcon.colcon_parallel_executor.executor.parallel:closing loop
[2.420s] DEBUG:colcon.colcon_parallel_executor.executor.parallel:loop closed
[2.421s] DEBUG:colcon.colcon_parallel_executor.executor.parallel:run_until_complete finished with '0'
[2.421s] DEBUG:colcon.colcon_core.event_reactor:joining thread
[2.449s] INFO:colcon.colcon_core.plugin_system:Skipping extension 'colcon_notification.desktop_notification.terminal_notifier': Not used on non-Darwin systems
[2.450s] INFO:colcon.colcon_core.plugin_system:Skipping extension 'colcon_notification.desktop_notification.win32': Not used on non-Windows systems
[2.450s] INFO:colcon.colcon_notification.desktop_notification:Sending desktop notification using 'notify2'
[2.754s] DEBUG:colcon.colcon_core.event_reactor:joined thread
[2.782s] INFO:colcon.colcon_core.plugin_system:Skipping extension 'colcon_core.shell.bat': Not used on non-Windows systems
[2.783s] INFO:colcon.colcon_core.shell:Creating prefix script '/home/johntherover/ros2_ws/src/autonomous_rover/autonomous_rover/install/local_setup.ps1'
[2.789s] INFO:colcon.colcon_core.shell:Creating prefix util module '/home/johntherover/ros2_ws/src/autonomous_rover/autonomous_rover/install/_local_setup_util_ps1.py'
[2.797s] INFO:colcon.colcon_core.shell:Creating prefix chain script '/home/johntherover/ros2_ws/src/autonomous_rover/autonomous_rover/install/setup.ps1'
[2.804s] INFO:colcon.colcon_core.shell:Creating prefix script '/home/johntherover/ros2_ws/src/autonomous_rover/autonomous_rover/install/local_setup.sh'
[2.808s] INFO:colcon.colcon_core.shell:Creating prefix util module '/home/johntherover/ros2_ws/src/autonomous_rover/autonomous_rover/install/_local_setup_util_sh.py'
[2.812s] INFO:colcon.colcon_core.shell:Creating prefix chain script '/home/johntherover/ros2_ws/src/autonomous_rover/autonomous_rover/install/setup.sh'
[2.819s] INFO:colcon.colcon_core.shell:Creating prefix script '/home/johntherover/ros2_ws/src/autonomous_rover/autonomous_rover/install/local_setup.bash'
[2.824s] INFO:colcon.colcon_core.shell:Creating prefix chain script '/home/johntherover/ros2_ws/src/autonomous_rover/autonomous_rover/install/setup.bash'
[2.830s] INFO:colcon.colcon_core.shell:Creating prefix script '/home/johntherover/ros2_ws/src/autonomous_rover/autonomous_rover/install/local_setup.zsh'
[2.834s] INFO:colcon.colcon_core.shell:Creating prefix chain script '/home/johntherover/ros2_ws/src/autonomous_rover/autonomous_rover/install/setup.zsh'
