running egg_info
writing build/autonomous_rover/autonomous_rover.egg-info/PKG-INFO
writing dependency_links to build/autonomous_rover/autonomous_rover.egg-info/dependency_links.txt
writing entry points to build/autonomous_rover/autonomous_rover.egg-info/entry_points.txt
writing requirements to build/autonomous_rover/autonomous_rover.egg-info/requires.txt
writing top-level names to build/autonomous_rover/autonomous_rover.egg-info/top_level.txt
reading manifest file 'build/autonomous_rover/autonomous_rover.egg-info/SOURCES.txt'
adding license file 'LICENSE'
writing manifest file 'build/autonomous_rover/autonomous_rover.egg-info/SOURCES.txt'
running build
running build_py
running install
running install_lib
running install_data
running install_egg_info
removing '/home/johntherover/ros2_ws/src/autonomous_rover/install/autonomous_rover/lib/python3.10/site-packages/autonomous_rover-0.0.0-py3.10.egg-info' (and everything under it)
Copying build/autonomous_rover/autonomous_rover.egg-info to /home/johntherover/ros2_ws/src/autonomous_rover/install/autonomous_rover/lib/python3.10/site-packages/autonomous_rover-0.0.0-py3.10.egg-info
running install_scripts
Installing teleop script to /home/johntherover/ros2_ws/src/autonomous_rover/install/autonomous_rover/lib/autonomous_rover
writing list of installed files to '/home/johntherover/ros2_ws/src/autonomous_rover/build/autonomous_rover/install.log'
