[0.473s] DEBUG:colcon:Command line arguments: ['/usr/bin/colcon', 'build']
[0.474s] DEBUG:colcon:Parsed command line arguments: Namespace(log_base=None, log_level=None, verb_name='build', build_base='build', install_base='install', merge_install=False, symlink_install=False, test_result_base=None, continue_on_error=False, executor='parallel', parallel_workers=4, event_handlers=None, ignore_user_meta=False, metas=['./colcon.meta'], base_paths=['.'], packages_ignore=None, packages_ignore_regex=None, paths=None, packages_up_to=None, packages_up_to_regex=None, packages_above=None, packages_above_and_dependencies=None, packages_above_depth=None, packages_select_by_dep=None, packages_skip_by_dep=None, packages_skip_up_to=None, packages_select_build_failed=False, packages_skip_build_finished=False, packages_select_test_failures=False, packages_skip_test_passed=False, packages_select=None, packages_skip=None, packages_select_regex=None, packages_skip_regex=None, packages_start=None, packages_end=None, allow_overriding=[], cmake_args=None, cmake_target=None, cmake_target_skip_unavailable=False, cmake_clean_cache=False, cmake_clean_first=False, cmake_force_configure=False, ament_cmake_args=None, catkin_cmake_args=None, catkin_skip_building_tests=False, mixin_files=None, mixin=None, verb_parser=<colcon_mixin.mixin.mixin_argument.MixinArgumentDecorator object at 0xffff8831e290>, verb_extension=<colcon_core.verb.build.BuildVerb object at 0xffff884cf280>, main=<bound method BuildVerb.main of <colcon_core.verb.build.BuildVerb object at 0xffff884cf280>>, mixin_verb=('build',))
[1.344s] Level 1:colcon.colcon_core.package_discovery:discover_packages(colcon_meta) check parameters
[1.344s] Level 1:colcon.colcon_core.package_discovery:discover_packages(recursive) check parameters
[1.345s] Level 1:colcon.colcon_core.package_discovery:discover_packages(ignore) check parameters
[1.345s] Level 1:colcon.colcon_core.package_discovery:discover_packages(path) check parameters
[1.345s] Level 1:colcon.colcon_core.package_discovery:discover_packages(colcon_meta) discover
[1.345s] Level 1:colcon.colcon_core.package_discovery:discover_packages(recursive) discover
[1.345s] INFO:colcon.colcon_core.package_discovery:Crawling recursively for packages in '/home/johntherover/ros2_ws/src/autonomous_rover'
[1.346s] Level 1:colcon.colcon_core.package_identification:_identify(.) by extensions ['ignore', 'ignore_ament_install']
[1.346s] Level 1:colcon.colcon_core.package_identification:_identify(.) by extension 'ignore'
[1.346s] Level 1:colcon.colcon_core.package_identification:_identify(.) by extension 'ignore_ament_install'
[1.347s] Level 1:colcon.colcon_core.package_identification:_identify(.) by extensions ['colcon_pkg']
[1.347s] Level 1:colcon.colcon_core.package_identification:_identify(.) by extension 'colcon_pkg'
[1.347s] Level 1:colcon.colcon_core.package_identification:_identify(.) by extensions ['colcon_meta']
[1.347s] Level 1:colcon.colcon_core.package_identification:_identify(.) by extension 'colcon_meta'
[1.347s] Level 1:colcon.colcon_core.package_identification:_identify(.) by extensions ['ros']
[1.347s] Level 1:colcon.colcon_core.package_identification:_identify(.) by extension 'ros'
[1.407s] DEBUG:colcon.colcon_core.package_identification:Package '.' with type 'ros.ament_python' and name 'autonomous_rover'
[1.408s] Level 1:colcon.colcon_core.package_discovery:discover_packages(recursive) using defaults
[1.408s] Level 1:colcon.colcon_core.package_discovery:discover_packages(ignore) discover
[1.408s] Level 1:colcon.colcon_core.package_discovery:discover_packages(ignore) using defaults
[1.408s] Level 1:colcon.colcon_core.package_discovery:discover_packages(path) discover
[1.408s] Level 1:colcon.colcon_core.package_discovery:discover_packages(path) using defaults
[1.527s] Level 1:colcon.colcon_core.package_discovery:discover_packages(prefix_path) check parameters
[1.527s] Level 1:colcon.colcon_core.package_discovery:discover_packages(prefix_path) discover
[1.542s] DEBUG:colcon.colcon_installed_package_information.package_discovery:Found 319 installed packages in /opt/ros/humble
[1.550s] Level 1:colcon.colcon_core.package_discovery:discover_packages(prefix_path) using defaults
[1.740s] Level 5:colcon.colcon_core.verb:set package 'autonomous_rover' build argument 'cmake_args' from command line to 'None'
[1.740s] Level 5:colcon.colcon_core.verb:set package 'autonomous_rover' build argument 'cmake_target' from command line to 'None'
[1.740s] Level 5:colcon.colcon_core.verb:set package 'autonomous_rover' build argument 'cmake_target_skip_unavailable' from command line to 'False'
[1.740s] Level 5:colcon.colcon_core.verb:set package 'autonomous_rover' build argument 'cmake_clean_cache' from command line to 'False'
[1.740s] Level 5:colcon.colcon_core.verb:set package 'autonomous_rover' build argument 'cmake_clean_first' from command line to 'False'
[1.740s] Level 5:colcon.colcon_core.verb:set package 'autonomous_rover' build argument 'cmake_force_configure' from command line to 'False'
[1.740s] Level 5:colcon.colcon_core.verb:set package 'autonomous_rover' build argument 'ament_cmake_args' from command line to 'None'
[1.740s] Level 5:colcon.colcon_core.verb:set package 'autonomous_rover' build argument 'catkin_cmake_args' from command line to 'None'
[1.741s] Level 5:colcon.colcon_core.verb:set package 'autonomous_rover' build argument 'catkin_skip_building_tests' from command line to 'False'
[1.741s] DEBUG:colcon.colcon_core.verb:Building package 'autonomous_rover' with the following arguments: {'ament_cmake_args': None, 'build_base': '/home/johntherover/ros2_ws/src/autonomous_rover/build/autonomous_rover', 'catkin_cmake_args': None, 'catkin_skip_building_tests': False, 'cmake_args': None, 'cmake_clean_cache': False, 'cmake_clean_first': False, 'cmake_force_configure': False, 'cmake_target': None, 'cmake_target_skip_unavailable': False, 'install_base': '/home/johntherover/ros2_ws/src/autonomous_rover/install/autonomous_rover', 'merge_install': False, 'path': '/home/johntherover/ros2_ws/src/autonomous_rover', 'symlink_install': False, 'test_result_base': None}
[1.741s] INFO:colcon.colcon_core.executor:Executing jobs using 'parallel' executor
[1.744s] DEBUG:colcon.colcon_parallel_executor.executor.parallel:run_until_complete
[1.745s] INFO:colcon.colcon_ros.task.ament_python.build:Building ROS package in '/home/johntherover/ros2_ws/src/autonomous_rover' with build type 'ament_python'
[1.746s] Level 1:colcon.colcon_core.shell:create_environment_hook('autonomous_rover', 'ament_prefix_path')
[1.754s] INFO:colcon.colcon_core.plugin_system:Skipping extension 'colcon_core.shell.bat': Not used on non-Windows systems
[1.755s] INFO:colcon.colcon_core.shell:Creating environment hook '/home/johntherover/ros2_ws/src/autonomous_rover/install/autonomous_rover/share/autonomous_rover/hook/ament_prefix_path.ps1'
[1.762s] INFO:colcon.colcon_core.shell:Creating environment descriptor '/home/johntherover/ros2_ws/src/autonomous_rover/install/autonomous_rover/share/autonomous_rover/hook/ament_prefix_path.dsv'
[1.765s] INFO:colcon.colcon_core.shell:Creating environment hook '/home/johntherover/ros2_ws/src/autonomous_rover/install/autonomous_rover/share/autonomous_rover/hook/ament_prefix_path.sh'
[1.769s] INFO:colcon.colcon_core.shell:Skip shell extension 'powershell' for command environment: Not usable outside of PowerShell
[1.769s] DEBUG:colcon.colcon_core.shell:Skip shell extension 'dsv' for command environment
[4.474s] INFO:colcon.colcon_core.task.python.build:Building Python package in '/home/johntherover/ros2_ws/src/autonomous_rover'
[4.475s] INFO:colcon.colcon_core.shell:Skip shell extension 'powershell' for command environment: Not usable outside of PowerShell
[4.475s] DEBUG:colcon.colcon_core.shell:Skip shell extension 'dsv' for command environment
[8.823s] DEBUG:colcon.colcon_core.event_handler.log_command:Invoking command in '/home/johntherover/ros2_ws/src/autonomous_rover': PYTHONPATH=/home/johntherover/ros2_ws/src/autonomous_rover/build/autonomous_rover/prefix_override:/usr/lib/python3/dist-packages/colcon_core/task/python/colcon_distutils_commands:/home/johntherover/ros2_ws/src/autonomous_rover/install/autonomous_rover/lib/python3.10/site-packages:${PYTHONPATH} /usr/bin/python3 -W ignore:setup.py install is deprecated -W ignore:easy_install command is deprecated setup.py egg_info --egg-base build/autonomous_rover build --build-base /home/johntherover/ros2_ws/src/autonomous_rover/build/autonomous_rover/build install --record /home/johntherover/ros2_ws/src/autonomous_rover/build/autonomous_rover/install.log --single-version-externally-managed install_data
[11.872s] DEBUG:colcon.colcon_core.event_handler.log_command:Invoked command in '/home/johntherover/ros2_ws/src/autonomous_rover' returned '0': PYTHONPATH=/home/johntherover/ros2_ws/src/autonomous_rover/build/autonomous_rover/prefix_override:/usr/lib/python3/dist-packages/colcon_core/task/python/colcon_distutils_commands:/home/johntherover/ros2_ws/src/autonomous_rover/install/autonomous_rover/lib/python3.10/site-packages:${PYTHONPATH} /usr/bin/python3 -W ignore:setup.py install is deprecated -W ignore:easy_install command is deprecated setup.py egg_info --egg-base build/autonomous_rover build --build-base /home/johntherover/ros2_ws/src/autonomous_rover/build/autonomous_rover/build install --record /home/johntherover/ros2_ws/src/autonomous_rover/build/autonomous_rover/install.log --single-version-externally-managed install_data
[11.920s] Level 1:colcon.colcon_core.environment:checking '/home/johntherover/ros2_ws/src/autonomous_rover/install/autonomous_rover' for CMake module files
[11.923s] Level 1:colcon.colcon_core.environment:checking '/home/johntherover/ros2_ws/src/autonomous_rover/install/autonomous_rover' for CMake config files
[11.932s] Level 1:colcon.colcon_core.environment:checking '/home/johntherover/ros2_ws/src/autonomous_rover/install/autonomous_rover/lib'
[11.935s] Level 1:colcon.colcon_core.environment:checking '/home/johntherover/ros2_ws/src/autonomous_rover/install/autonomous_rover/bin'
[11.937s] Level 1:colcon.colcon_core.environment:checking '/home/johntherover/ros2_ws/src/autonomous_rover/install/autonomous_rover/lib/pkgconfig/autonomous_rover.pc'
[11.939s] Level 1:colcon.colcon_core.environment:checking '/home/johntherover/ros2_ws/src/autonomous_rover/install/autonomous_rover/lib/python3.10/site-packages'
[11.939s] Level 1:colcon.colcon_core.shell:create_environment_hook('autonomous_rover', 'pythonpath')
[11.940s] INFO:colcon.colcon_core.shell:Creating environment hook '/home/johntherover/ros2_ws/src/autonomous_rover/install/autonomous_rover/share/autonomous_rover/hook/pythonpath.ps1'
[11.944s] INFO:colcon.colcon_core.shell:Creating environment descriptor '/home/johntherover/ros2_ws/src/autonomous_rover/install/autonomous_rover/share/autonomous_rover/hook/pythonpath.dsv'
[11.946s] INFO:colcon.colcon_core.shell:Creating environment hook '/home/johntherover/ros2_ws/src/autonomous_rover/install/autonomous_rover/share/autonomous_rover/hook/pythonpath.sh'
[11.955s] Level 1:colcon.colcon_core.environment:checking '/home/johntherover/ros2_ws/src/autonomous_rover/install/autonomous_rover/bin'
[11.957s] Level 1:colcon.colcon_core.environment:create_environment_scripts_only(autonomous_rover)
[11.961s] INFO:colcon.colcon_core.shell:Creating package script '/home/johntherover/ros2_ws/src/autonomous_rover/install/autonomous_rover/share/autonomous_rover/package.ps1'
[11.968s] INFO:colcon.colcon_core.shell:Creating package descriptor '/home/johntherover/ros2_ws/src/autonomous_rover/install/autonomous_rover/share/autonomous_rover/package.dsv'
[11.980s] INFO:colcon.colcon_core.shell:Creating package script '/home/johntherover/ros2_ws/src/autonomous_rover/install/autonomous_rover/share/autonomous_rover/package.sh'
[11.989s] INFO:colcon.colcon_core.shell:Creating package script '/home/johntherover/ros2_ws/src/autonomous_rover/install/autonomous_rover/share/autonomous_rover/package.bash'
[11.997s] INFO:colcon.colcon_core.shell:Creating package script '/home/johntherover/ros2_ws/src/autonomous_rover/install/autonomous_rover/share/autonomous_rover/package.zsh'
[12.010s] Level 1:colcon.colcon_core.environment:create_file_with_runtime_dependencies(/home/johntherover/ros2_ws/src/autonomous_rover/install/autonomous_rover/share/colcon-core/packages/autonomous_rover)
[12.017s] DEBUG:colcon.colcon_parallel_executor.executor.parallel:closing loop
[12.023s] DEBUG:colcon.colcon_parallel_executor.executor.parallel:loop closed
[12.023s] DEBUG:colcon.colcon_parallel_executor.executor.parallel:run_until_complete finished with '0'
[12.023s] DEBUG:colcon.colcon_core.event_reactor:joining thread
[12.055s] INFO:colcon.colcon_core.plugin_system:Skipping extension 'colcon_notification.desktop_notification.terminal_notifier': Not used on non-Darwin systems
[12.056s] INFO:colcon.colcon_core.plugin_system:Skipping extension 'colcon_notification.desktop_notification.win32': Not used on non-Windows systems
[12.056s] INFO:colcon.colcon_notification.desktop_notification:Sending desktop notification using 'notify2'
[12.207s] DEBUG:colcon.colcon_core.event_reactor:joined thread
[12.208s] INFO:colcon.colcon_core.shell:Creating prefix script '/home/johntherover/ros2_ws/src/autonomous_rover/install/local_setup.ps1'
[12.214s] INFO:colcon.colcon_core.shell:Creating prefix util module '/home/johntherover/ros2_ws/src/autonomous_rover/install/_local_setup_util_ps1.py'
[12.220s] INFO:colcon.colcon_core.shell:Creating prefix chain script '/home/johntherover/ros2_ws/src/autonomous_rover/install/setup.ps1'
[12.229s] INFO:colcon.colcon_core.shell:Creating prefix script '/home/johntherover/ros2_ws/src/autonomous_rover/install/local_setup.sh'
[12.239s] INFO:colcon.colcon_core.shell:Creating prefix util module '/home/johntherover/ros2_ws/src/autonomous_rover/install/_local_setup_util_sh.py'
[12.250s] INFO:colcon.colcon_core.shell:Creating prefix chain script '/home/johntherover/ros2_ws/src/autonomous_rover/install/setup.sh'
[12.255s] INFO:colcon.colcon_core.shell:Creating prefix script '/home/johntherover/ros2_ws/src/autonomous_rover/install/local_setup.bash'
[12.258s] INFO:colcon.colcon_core.shell:Creating prefix chain script '/home/johntherover/ros2_ws/src/autonomous_rover/install/setup.bash'
[12.263s] INFO:colcon.colcon_core.shell:Creating prefix script '/home/johntherover/ros2_ws/src/autonomous_rover/install/local_setup.zsh'
[12.272s] INFO:colcon.colcon_core.shell:Creating prefix chain script '/home/johntherover/ros2_ws/src/autonomous_rover/install/setup.zsh'
